<!DOCTYPE html>
<html amp i-amphtml-layout i-amphtml-no-boilerplate transformed="self;v=1">
  <head>
    <meta charset="utf-8" />
    <link rel="preload" as="script" href="https://cdn.ampproject.org/v0.js" />
    <meta name="next-head-count" content="1" />
    <meta
      name="viewport"
      content="width=device-width,minimum-scale=1,initial-scale=1"
    />
    <script async src="https://cdn.ampproject.org/v0.js"></script>
    <style amp-custom></style>
    <link rel="canonical" href="/index" />
  </head>
  <body>
    <!-- __NEXT_DATA__ -->
    <h1>Hello Next.js!</h1>
    <ul></ul>
  </body>
</html>
