<!DOCTYPE html>
<html amp i-amphtml-layout i-amphtml-no-boilerplate transformed="self;v=1">
  <head>
    <meta charset="utf-8" />
    <link rel="preload" as="script" href="https://cdn.ampproject.org/v0.js" />
    <meta name="next-head-count" content="2" />
    <meta
      name="viewport"
      content="width=device-width,minimum-scale=1,initial-scale=1"
    />
    <script async src="https://cdn.ampproject.org/v0.js"></script>
    <script
      async
      custom-element="amp-analytics"
      src="https://cdn.ampproject.org/v0/amp-analytics-0.1.js"
    ></script>
    <style amp-custom></style>
    <link rel="canonical" href="/components/AmpAnalytics" />
  </head>
  <body>
    <!-- __NEXT_DATA__ --><amp-analytics
      type="gtag"
      class="i-amphtml-layout-fixed i-amphtml-layout-size-defined"
      style="width:1px;height:1px;"
      i-amphtml-layout="fixed"
      ><script type="application/json">
        {
          "vars": {
            "gtag_id": "<GA_MEASUREMENT_ID>",
            "config": { "<GA_MEASUREMENT_ID>": { "groups": "default" } }
          }
        }
      </script></amp-analytics
    >
  </body>
</html>
