<!DOCTYPE html>
<html amp i-amphtml-layout i-amphtml-no-boilerplate transformed="self;v=1">
  <head>
    <meta charset="utf-8" />
    <link rel="preload" as="script" href="https://cdn.ampproject.org/v0.js" />
    <meta name="next-head-count" content="2" />
    <meta
      name="viewport"
      content="width=device-width,minimum-scale=1,initial-scale=1"
    />
    <script async src="https://cdn.ampproject.org/v0.js"></script>
    <script
      async
      custom-element="amp-form"
      src="https://cdn.ampproject.org/v0/amp-form-0.1.js"
    ></script>
    <style amp-custom></style>
    <link rel="canonical" href="/components/AmpForm" />
  </head>
  <body>
    <!-- __NEXT_DATA__ -->
    <form method="post" action-xhr="/submit" target="_top" class="my-form">
      <input type="text" name="email" /><input
        type="submit"
        value="Subscribe"
      />
    </form>
  </body>
</html>
