<!DOCTYPE html>
<html amp i-amphtml-layout i-amphtml-no-boilerplate transformed="self;v=1">
  <head>
    <meta charset="utf-8" />
    <link rel="preload" as="script" href="https://cdn.ampproject.org/v0.js" />
    <meta name="next-head-count" content="1" />
    <meta
      name="viewport"
      content="width=device-width,minimum-scale=1,initial-scale=1"
    />
    <script async src="https://cdn.ampproject.org/v0.js"></script>
    <style amp-custom></style>
    <link rel="canonical" href="/components/AmpImg" />
  </head>
  <body>
    <!-- __NEXT_DATA__ --><amp-img
      class="my-image i-amphtml-layout-responsive i-amphtml-layout-size-defined"
      src="https://picsum.photos/id/169/800/600"
      layout="responsive"
      width="800"
      height="600"
      i-amphtml-layout="responsive"
      ><i-amphtml-sizer
        style="display:block;padding-top:75.0000%;"
      ></i-amphtml-sizer
    ></amp-img>
  </body>
</html>
