<!DOCTYPE html>
<html amp i-amphtml-layout i-amphtml-no-boilerplate transformed="self;v=1">
  <head>
    <meta charset="utf-8" />
    <link rel="preload" as="script" href="https://cdn.ampproject.org/v0.js" />
    <meta name="next-head-count" content="2" />
    <meta
      name="viewport"
      content="width=device-width,minimum-scale=1,initial-scale=1"
    />
    <script async src="https://cdn.ampproject.org/v0.js"></script>
    <script
      async
      custom-element="amp-iframe"
      src="https://cdn.ampproject.org/v0/amp-iframe-0.1.js"
    ></script>
    <style amp-custom></style>
    <link rel="canonical" href="/components/AmpIframe" />
  </head>
  <body>
    <!-- __NEXT_DATA__ --><amp-iframe
      class="my-iframe i-amphtml-layout-responsive i-amphtml-layout-size-defined"
      title="Netflix House of Cards branding: The Stack"
      layout="responsive"
      width="500"
      height="281"
      sandbox="allow-scripts allow-same-origin allow-popups"
      allowfullscreen
      frameborder="0"
      src="https://player.vimeo.com/video/140261016"
      i-amphtml-layout="responsive"
      ><i-amphtml-sizer
        style="display:block;padding-top:56.2000%;"
      ></i-amphtml-sizer
      ><amp-img
        layout="fill"
        src="https://i.vimeocdn.com/video/536538454_640.webp"
        placeholder
        class="i-amphtml-layout-fill i-amphtml-layout-size-defined"
        i-amphtml-layout="fill"
      ></amp-img
    ></amp-iframe>
  </body>
</html>
