<!DOCTYPE html>
<html amp i-amphtml-layout i-amphtml-no-boilerplate transformed="self;v=1">
  <head>
    <meta charset="utf-8" />
    <link rel="preload" as="script" href="https://cdn.ampproject.org/v0.js" />
    <meta name="next-head-count" content="2" />
    <meta
      name="viewport"
      content="width=device-width,minimum-scale=1,initial-scale=1"
    />
    <script async src="https://cdn.ampproject.org/v0.js"></script>
    <script
      async
      custom-element="amp-bind"
      src="https://cdn.ampproject.org/v0/amp-bind-0.1.js"
    ></script>
    <style amp-custom></style>
    <link rel="canonical" href="/components/AmpState" />
  </head>
  <body>
    <!-- __NEXT_DATA__ --><amp-state
      id="myState"
      class="i-amphtml-layout-container"
      i-amphtml-layout="container"
      ><script type="application/json">
        { "message": "hello world" }
      </script></amp-state
    >
  </body>
</html>
